// Jest Snapshot v1, https://goo.gl/fbAQLP

exports[`TodoApp testing should match snapshot 1`] = `
<h1>
  Loading...
</h1>
`;
