// Jest Snapshot v1, https://goo.gl/fbAQLP

exports[`TodoList component test should take snapshot 1`] = `
<div
  data-testid="todoList-container"
/>
`;

exports[`TodoList component test should take snapshot with data 1`] = `
<div
  data-testid="todoList-container"
>
  <div
    data-testid="todoList-item"
  >
    <input
      checked=""
      type="checkbox"
    />
    <span
      style="text-decoration: line-through;"
    >
      give training
    </span>
    <button
      type="button"
    >
      Delete
    </button>
  </div>
  <div
    data-testid="todoList-item"
  >
    <input
      type="checkbox"
    />
    <span
      style="text-decoration: none;"
    >
      learn vue
    </span>
    <button
      type="button"
    >
      Delete
    </button>
  </div>
  <div
    data-testid="todoList-item"
  >
    <input
      type="checkbox"
    />
    <span
      style="text-decoration: none;"
    >
      learn react
    </span>
    <button
      type="button"
    >
      Delete
    </button>
  </div>
</div>
`;
